// Jest Snapshot v1, https://goo.gl/fbAQLP

exports[`App should match a snapshot 1`] = `
Object {
  "instance": null,
  "nodeType": "component",
  "props": Object {
    "name": "anonymous",
  },
  "rendered": Object {
    "instance": null,
    "nodeType": "host",
    "props": Object {
      "children": <div
        className="layout"
      >
        <div
          className="vertical-menu"
        >
          <h1
            className="menu-block menu-header"
          >
            Notes app
          </h1>
          <ul
            className="menu-links"
          >
            <li>
              <a
                href="#"
              >
                Notebooks
              </a>
            </li>
            <li>
              <a
                href="#"
              >
                People
              </a>
            </li>
          </ul>
        </div>
        <div
          className="content"
        >
          <div
            className="content-block"
          >
            Hello 
            anonymous
          </div>
          <div
            className="content-block"
          >
            <LoginForm />
          </div>
        </div>
      </div>,
      "id": "app-root",
    },
    "rendered": Array [
      Object {
        "instance": null,
        "nodeType": "host",
        "props": Object {
          "children": Array [
            <div
              className="vertical-menu"
            >
              <h1
                className="menu-block menu-header"
              >
                Notes app
              </h1>
              <ul
                className="menu-links"
              >
                <li>
                  <a
                    href="#"
                  >
                    Notebooks
                  </a>
                </li>
                <li>
                  <a
                    href="#"
                  >
                    People
                  </a>
                </li>
              </ul>
            </div>,
            <div
              className="content"
            >
              <div
                className="content-block"
              >
                Hello 
                anonymous
              </div>
              <div
                className="content-block"
              >
                <LoginForm />
              </div>
            </div>,
          ],
          "className": "layout",
        },
        "rendered": Array [
          Object {
            "instance": null,
            "nodeType": "host",
            "props": Object {
              "children": Array [
                <h1
                  className="menu-block menu-header"
                >
                  Notes app
                </h1>,
                <ul
                  className="menu-links"
                >
                  <li>
                    <a
                      href="#"
                    >
                      Notebooks
                    </a>
                  </li>
                  <li>
                    <a
                      href="#"
                    >
                      People
                    </a>
                  </li>
                </ul>,
              ],
              "className": "vertical-menu",
            },
            "rendered": Array [
              Object {
                "instance": null,
                "nodeType": "host",
                "props": Object {
                  "children": "Notes app",
                  "className": "menu-block menu-header",
                },
                "rendered": Array [
                  "Notes app",
                ],
                "type": "h1",
              },
              Object {
                "instance": null,
                "nodeType": "host",
                "props": Object {
                  "children": Array [
                    <li>
                      <a
                        href="#"
                      >
                        Notebooks
                      </a>
                    </li>,
                    <li>
                      <a
                        href="#"
                      >
                        People
                      </a>
                    </li>,
                  ],
                  "className": "menu-links",
                },
                "rendered": Array [
                  Object {
                    "instance": null,
                    "nodeType": "host",
                    "props": Object {
                      "children": <a
                        href="#"
                      >
                        Notebooks
                      </a>,
                    },
                    "rendered": Array [
                      Object {
                        "instance": null,
                        "nodeType": "host",
                        "props": Object {
                          "children": "Notebooks",
                          "href": "#",
                        },
                        "rendered": Array [
                          "Notebooks",
                        ],
                        "type": "a",
                      },
                    ],
                    "type": "li",
                  },
                  Object {
                    "instance": null,
                    "nodeType": "host",
                    "props": Object {
                      "children": <a
                        href="#"
                      >
                        People
                      </a>,
                    },
                    "rendered": Array [
                      Object {
                        "instance": null,
                        "nodeType": "host",
                        "props": Object {
                          "children": "People",
                          "href": "#",
                        },
                        "rendered": Array [
                          "People",
                        ],
                        "type": "a",
                      },
                    ],
                    "type": "li",
                  },
                ],
                "type": "ul",
              },
            ],
            "type": "div",
          },
          Object {
            "instance": null,
            "nodeType": "host",
            "props": Object {
              "children": Array [
                <div
                  className="content-block"
                >
                  Hello 
                  anonymous
                </div>,
                <div
                  className="content-block"
                >
                  <LoginForm />
                </div>,
              ],
              "className": "content",
            },
            "rendered": Array [
              Object {
                "instance": null,
                "nodeType": "host",
                "props": Object {
                  "children": Array [
                    "Hello ",
                    "anonymous",
                  ],
                  "className": "content-block",
                },
                "rendered": Array [
                  "Hello ",
                  "anonymous",
                ],
                "type": "div",
              },
              Object {
                "instance": null,
                "nodeType": "host",
                "props": Object {
                  "children": <LoginForm />,
                  "className": "content-block",
                },
                "rendered": Array [
                  Object {
                    "instance": null,
                    "nodeType": "component",
                    "props": Object {},
                    "rendered": Object {
                      "instance": null,
                      "nodeType": "host",
                      "props": Object {
                        "children": Array [
                          <h1>
                            Sign in to NotesApp
                          </h1>,
                          <form
                            action="#"
                            className="login-form"
                            data-testid="login-form"
                            method="post"
                            onSubmit={[Function]}
                          >
                            <label>
                              <span
                                className="form-label"
                              >
                                E-mail:
                              </span>
                              <input
                                className="form-input"
                                data-testid="user-login"
                                name="user-login"
                                onChange={[Function]}
                                value=""
                              />
                            </label>
                            <label>
                              <span
                                className="form-label"
                              >
                                Password:
                              </span>
                              <input
                                className="form-input"
                                data-testid="user-password"
                                name="user-password"
                                onChange={[Function]}
                                type="password"
                                value=""
                              />
                            </label>
                            <input
                              className="form-button"
                              type="submit"
                              value="Sign in"
                            />
                          </form>,
                        ],
                        "className": "centric-form",
                      },
                      "rendered": Array [
                        Object {
                          "instance": null,
                          "nodeType": "host",
                          "props": Object {
                            "children": "Sign in to NotesApp",
                          },
                          "rendered": Array [
                            "Sign in to NotesApp",
                          ],
                          "type": "h1",
                        },
                        Object {
                          "instance": null,
                          "nodeType": "host",
                          "props": Object {
                            "action": "#",
                            "children": Array [
                              <label>
                                <span
                                  className="form-label"
                                >
                                  E-mail:
                                </span>
                                <input
                                  className="form-input"
                                  data-testid="user-login"
                                  name="user-login"
                                  onChange={[Function]}
                                  value=""
                                />
                              </label>,
                              <label>
                                <span
                                  className="form-label"
                                >
                                  Password:
                                </span>
                                <input
                                  className="form-input"
                                  data-testid="user-password"
                                  name="user-password"
                                  onChange={[Function]}
                                  type="password"
                                  value=""
                                />
                              </label>,
                              <input
                                className="form-button"
                                type="submit"
                                value="Sign in"
                              />,
                            ],
                            "className": "login-form",
                            "data-testid": "login-form",
                            "method": "post",
                            "onSubmit": [Function],
                          },
                          "rendered": Array [
                            Object {
                              "instance": null,
                              "nodeType": "host",
                              "props": Object {
                                "children": Array [
                                  <span
                                    className="form-label"
                                  >
                                    E-mail:
                                  </span>,
                                  <input
                                    className="form-input"
                                    data-testid="user-login"
                                    name="user-login"
                                    onChange={[Function]}
                                    value=""
                                  />,
                                ],
                              },
                              "rendered": Array [
                                Object {
                                  "instance": null,
                                  "nodeType": "host",
                                  "props": Object {
                                    "children": "E-mail:",
                                    "className": "form-label",
                                  },
                                  "rendered": Array [
                                    "E-mail:",
                                  ],
                                  "type": "span",
                                },
                                Object {
                                  "instance": null,
                                  "nodeType": "host",
                                  "props": Object {
                                    "className": "form-input",
                                    "data-testid": "user-login",
                                    "name": "user-login",
                                    "onChange": [Function],
                                    "value": "",
                                  },
                                  "rendered": Array [],
                                  "type": "input",
                                },
                              ],
                              "type": "label",
                            },
                            Object {
                              "instance": null,
                              "nodeType": "host",
                              "props": Object {
                                "children": Array [
                                  <span
                                    className="form-label"
                                  >
                                    Password:
                                  </span>,
                                  <input
                                    className="form-input"
                                    data-testid="user-password"
                                    name="user-password"
                                    onChange={[Function]}
                                    type="password"
                                    value=""
                                  />,
                                ],
                              },
                              "rendered": Array [
                                Object {
                                  "instance": null,
                                  "nodeType": "host",
                                  "props": Object {
                                    "children": "Password:",
                                    "className": "form-label",
                                  },
                                  "rendered": Array [
                                    "Password:",
                                  ],
                                  "type": "span",
                                },
                                Object {
                                  "instance": null,
                                  "nodeType": "host",
                                  "props": Object {
                                    "className": "form-input",
                                    "data-testid": "user-password",
                                    "name": "user-password",
                                    "onChange": [Function],
                                    "type": "password",
                                    "value": "",
                                  },
                                  "rendered": Array [],
                                  "type": "input",
                                },
                              ],
                              "type": "label",
                            },
                            Object {
                              "instance": null,
                              "nodeType": "host",
                              "props": Object {
                                "className": "form-button",
                                "type": "submit",
                                "value": "Sign in",
                              },
                              "rendered": Array [],
                              "type": "input",
                            },
                          ],
                          "type": "form",
                        },
                      ],
                      "type": "div",
                    },
                    "type": [Function],
                  },
                ],
                "type": "div",
              },
            ],
            "type": "div",
          },
        ],
        "type": "div",
      },
    ],
    "type": "div",
  },
  "type": [Function],
}
`;
